checking ProForma::parse - simple sequences ... 
: passed

checking ProForma::parse - CV accessions ... 
: passed

checking ProForma::parse - named modifications ... 
: passed

checking ProForma::parse - mass deltas ... 
: passed

checking ProForma::parse - formula tags ... 
: passed

checking ProForma::parse - glycan compositions ... 
: passed

checking ProForma::parse - N-terminal modifications ... 
: passed

checking ProForma::parse - C-terminal modifications ... 
: passed

checking ProForma::parse - unlocalised modifications ... 
: passed

checking ProForma::parse - labile modifications ... 
: passed

checking ProForma::parse - global modifications ... 
: passed

checking ProForma::parse - cross-link labels ... 
: passed

checking ProForma::parse - modification alternatives ... 
: passed

checking ProForma::parse - ambiguous regions ... 
: passed

checking ProForma::parse - modified ranges ... 
: passed

checking ProForma::parseIon - charge states ... 
: passed

checking ProForma::parseIon - multiple chains ... 
: passed

checking ProForma::parse - MOD database accessions ... 
: passed

checking ProForma::parse - RESID database accessions ... 
: passed

checking ProForma::parse - GNO database accessions ... 
: passed

checking ProForma::parse - XLMOD database accessions ... 
: passed

checking ProForma::parse - isotope formulas with brackets ... 
: passed

checking ProForma::parse - multiple isotope labels ... 
: passed

checking ProForma::parse - deuterium label ... 
: passed

checking ProForma::parse - localization scores ... 
: passed

checking ProForma::parse - multiplicity with caret ... 
: passed

checking ProForma::parse - multiple modifications on range ... 
: passed

checking ProForma::parseIon - chimeric spectra with plus ... 
: passed

checking ProForma::parseIon - chimeric spectra with charges ... 
: passed

checking ProForma::parseIon - adduct charge notation ... 
: passed

checking ProForma::parseIon - multiple adducts ... 
: passed

checking ProForma::parseIon - adduct with count ... 
: passed

checking ProForma::parseIon - gene prefix ... 
: passed

checking ProForma::parse - gene prefix single chain ... 
: passed

checking ProForma::parse - cation modifications ... 
: passed

checking ProForma::parse - aluminum cation ... 
: passed

checking ProForma::parse - half cystine ... 
: passed

checking ProForma::parseIon - branch cross-links ... 
: passed

checking ProForma::parseIon - branch with C-terminal ... 
: passed

checking ProForma::parse - INFO tags ... 
: passed

checking ProForma::parse - INFO tags case insensitive ... 
: passed

checking ProForma::parse - modification with INFO alternative ... 
: passed

checking ProForma::parse - multiple INFO tags ... 
: passed

checking ProForma::parse - position constraints on modifications ... 
: passed

checking ProForma::parse - position constraints with multiple residues ... 
: passed

checking ProForma::parse - position constraints on unlocalised ... 
: passed

checking ProForma::parse - multiple N-terminal modifications ... 
: passed

checking ProForma::parse - multiple C-terminal modifications ... 
: passed

checking ProForma::parse - observed mass prefix ... 
: passed

checking ProForma::parse - UNIMOD prefix on mass ... 
: passed

checking ProForma::parse - C-term targeted global mod ... 
: passed

checking ProForma::parse - N-term targeted global mod ... 
: passed

checking ProForma::parse - N-term with specific residue ... 
: passed

checking ProForma::parse - amidated C-term global ... 
: passed

checking ProForma::parse - formula with charge ... 
: passed

checking ProForma::parse - a-type ion ... 
: passed

checking ProForma::parse - d-ion with formula ... 
: passed

checking ProForma::parseIon - complex cross-links with chimeric separator ... 
: passed

checking ProForma::parseIon - disulfide cross-links ... 
: passed

checking ProForma::parse - complex glycan composition ... 
: passed

checking ProForma::parse - multiple labile glycans ... 
: passed

checking ProForma::parse - unlocalised with scores ... 
: passed

checking ProForma::toString - simple sequences ... 
: passed

checking ProForma::toString - modifications ... 
: passed

checking ProForma::toString - terminal modifications ... 
: passed

checking Roundtrip tests from positive fixture ... 
: passed

checking ProFormaParser error handling - unclosed bracket ... 
: passed

checking ProFormaParser error handling - empty sequence ... 
: passed

checking ProFormaParser error handling - invalid global mod ... 
: passed

checking ProForma::ParseError - position clamping for noexcept safety ... 
: passed

checking JSON serialization - Peptidoform ... 
: passed

checking JSON serialization - PeptidoformIon ... 
: passed

checking WriteMode - lossless preserves original mass format ... 
: passed

checking WriteMode - canonical uses fixed precision ... 
: passed

checking WriteMode - canonical normalizes mass precision ... 
: passed

checking WriteMode - CV accessions in both modes ... 
: passed

checking WriteMode - named modifications in both modes ... 
: passed

checking WriteMode - default is LOSSLESS ... 
: passed

checking resolveModifications - UNIMOD lookup ... 
: passed

checking resolveModifications - named modification lookup ... 
: passed

checking isRepresentableAsAASequence - simple sequence ... 
: passed

checking isRepresentableAsAASequence - unsupported features ... 
: passed

checking getAASequenceConversionIssues ... 
: passed

checking toAASequence - simple sequence ... 
: passed

checking toAASequence - with UNIMOD modification ... 
: passed

checking toAASequence - with N-terminal modification ... 
: passed

checking toAASequence - FAIL_ON_LOSS policy throws on unsupported ... 
: passed

checking toAASequence - BEST_EFFORT policy ignores unsupported ... 
: passed

checking [EXTRA] toAASequence - mass-delta mods without CV accession - lossy contract ... 
: passed

checking fromAASequence - simple sequence ... 
: passed

checking fromAASequence - with modification ... 
: passed

checking fromAASequence - roundtrip ... 
: passed

checking ProForma to AASequence roundtrip ... 
: passed

checking [EXTRA] QPX/Parquet lane peptidoform round-trip preserves modifications ... 
: passed

checking [EXTRA] toAASequence - a Formula tag resolves to a modification carrying that chemistry ... 
: passed

checking [EXTRA] toAASequence - one database entry per formula whatever the spelling ... 
: passed

checking [EXTRA] toAASequence - an unusable Formula tag stays unresolved ... 
: passed

checking [EXTRA] getAASequenceConversionIssues - an INFO alternative is not an alternative ... 
: passed

checking [EXTRA] toAASequence - several brackets on one residue combine their chemistry ... 
: passed

checking [EXTRA] fromAASequence - an anonymous modification must not serialise as an empty bracket ... 
: passed

checking [EXTRA] fromAASequence - a formula-carrying anonymous modification round-trips its chemistry ... 
: passed

checking [EXTRA] toAASequence - the parquet peptidoform encoding is chemically complete on its own ... 
: passed

checking [EXTRA] toAASequence - a Formula tag on an unknown residue must not crash ... 
: passed

checking [EXTRA] fromAASequence - extreme mass deltas stay parseable ... 
: passed

checking [EXTRA] toAASequence - the order of tags inside one bracket does not change the result ... 
: passed

checking [EXTRA] toAASequence - combination trusts the diff masses and only a consistent formula ... Warning: unknown modification '+306.025304840900048' of residue 'K' - adding it to the database
Warning: unknown modification '+0.00335' of residue 'T' - adding it to the database
Warning: unknown modification '+12345.6789' of residue 'T' - adding it to the database
Warning: unknown modification '-0.00335' of residue 'T' - adding it to the database
ProForma: the summed diff formula of the modifications on one residue (C2H2O2, 58.0055 Da) disagrees with the sum of their diff masses (115.995 Da); a database entry carries a formula inconsistent with its mass. Using the masses.

: passed

checking [EXTRA] toAASequence - a label-only terminal bracket must not hide the chemistry behind it ... 
: passed

checking [EXTRA] getAASequenceConversionIssues - unresolved chemistry behind an empty INFO is still reported ... 
: passed

checking [EXTRA] getAASequenceConversionIssues - a residue-incompatible accession is an issue not an exception ... 
: passed

checking [EXTRA] getMonoWeight - tag order inside a bracket does not change the mass either ... 
: passed

checking [EXTRA] fromAASequence - a huge mass delta is written in full rather than as zero ... const OpenMS::ResidueModification* OpenMS::ModificationsDB::searchModificationsFast(const std::string&, bool&, const std::string&, OpenMS::ResidueModification::TermSpecificity) constModification not found: T[+1.0e64]

: passed

checking [EXTRA] fromAASequence - a tool-defined modification is written as its chemistry plus an INFO tag ... 
: passed

checking [EXTRA] toAASequence - the INFO name restores the identity of a tool-defined modification ... 
: passed

checking [EXTRA] toAASequence - the definition wins over disagreeing inline chemistry and says so ... 
Modification with monoisotopic mass diff. of [+1.0e64] not found in databases with tolerance 0.002. Adding unknown modification.
ProForma: the definition of 'Test4a:Disagree (K)' (C2H2O1 / 42.0106 Da) disagrees with the inline chemistry (O1 / 15.9949 Da); using the definition.
: passed

checking [EXTRA] toAASequence - free text naming a vocabulary entry does not override the chemistry ... 
: passed

checking [EXTRA] toAASequence - a Formula tag yields an anonymous modification ... 
: passed

checking Positive test cases from fixture file ... 
: passed

checking Negative test cases from fixture file ... 
: passed

checking Component-level grammar tests ... 
: passed

checking ProForma::canCalculateMass - simple sequence ... 
: passed

checking ProForma::canCalculateMass - with UNIMOD modification ... 
: passed

checking ProForma::canCalculateMass - with mass delta ... 
: passed

checking ProForma::canCalculateMass - with formula ... 
: passed

checking ProForma::getMassCalculationIssues - unresolved modification ... const OpenMS::ResidueModification* OpenMS::ModificationsDB::searchModificationsFast(const std::string&, bool&, const std::string&, OpenMS::ResidueModification::TermSpecificity) constModification not found: UnknownMod12345

: passed

checking ProForma::getMonoWeight - simple sequence ... 
: passed

checking ProForma::getMonoWeight - with UNIMOD modification ... 
: passed

checking ProForma::getMonoWeight - with mass delta ... 
: passed

checking ProForma::getMonoWeight - with terminal modifications ... 
: passed

checking ProForma::getMonoWeight - cross-linked single chain ... 
: passed

checking ProForma::getMonoWeight - multi-chain cross-link ... 
: passed

checking (regression: modifications inside ranges and ambiguous candidates) ... 
const OpenMS::ResidueModification* OpenMS::ModificationsDB::searchModificationsFast(const std::string&, bool&, const std::string&, OpenMS::ResidueModification::TermSpecificity) constModification not found: UnknownMod999
 -  line 2684 : TEST_EQUAL(ProForma::tryGetMonoWeight(ProForma::parse("PEP(?)TIDE")).has_value(),false): got '1', expected '0'
: failed

checking (regression: conversion preserves annotations and residue positions) ... 
: passed

checking (regression: cross-link mass does not depend on endpoint order) ... 
: passed

checking ProForma::getMZ - with charge state ... 
: passed

checking ProForma::getMZ - Peptidoform with charge ... 
: passed

checking ProForma::getMonoWeight - throws on unresolved ... const OpenMS::ResidueModification* OpenMS::ModificationsDB::searchModificationsFast(const std::string&, bool&, const std::string&, OpenMS::ResidueModification::TermSpecificity) constModification not found: UnknownModification99999

: passed

checking ProForma::getMZ - throws on zero charge ... 
: passed

checking ProForma::getMZ - throws on missing charge ... 
: passed

checking ProForma::getMonoWeight - reference peptide DFPIANGER ... 
: passed

checking ProForma::getMonoWeight - phosphorylation ... 
: passed

checking ProForma::getMonoWeight - carbamidomethyl ... 
: passed

checking ProForma::getMonoWeight - combined terminal mods ... 
: passed

checking ProForma::getMonoWeight - multiple modifications ... 
: passed

checking ProForma::getMonoWeight - formula tag ... 
: passed

checking ProForma::getMonoWeight - unlocalised modification ... 
: passed

checking ProForma::getMonoWeight - labile modification ... 
: passed

checking ProForma::getMonoWeight - global modification ... 
: passed

checking ProForma::getMonoWeight - disulfide cross-link ... 
: passed

checking ProForma::getMonoWeight - throws on chimeric ... 
: passed

checking ProForma::tryGetMonoWeight - basic usage ... 
: passed

checking ProForma::tryGetMonoWeight - with issues ... 
: passed

checking ProForma::tryGetMonoWeight - PeptidoformIon ... 
: passed

checking ProForma::tryGetMZ - basic usage ... 
: passed

checking ProForma::tryGetMZ - PeptidoformIon ... 
: passed

checking ProForma::tryGetMonoWeight - efficiency test ... 
: passed

checking ProForma::canGenerateSpectrum - Peptidoform ... 
: passed

checking ProForma::canGenerateSpectrum - PeptidoformIon ... 
: passed

checking ProForma::getSpectrumGenerationIssues - Peptidoform ... 
: passed

checking ProForma::getSpectrumGenerationIssues - PeptidoformIon ... 
: passed

checking ProForma::generateSpectrum - basic peptide ... 
: passed

checking ProForma::generateSpectrum - with modifications ... 
: passed

checking ProForma::generateSpectrum - ion types ... 
: passed

checking ProForma::generateSpectrum - PeptidoformIon single chain ... 
: passed

checking ProForma::generateSpectrum - cross-linked peptides ... 
: passed

checking ProForma::generateSpectrum - fails for unsupported cases ... 
: passed

checking (regression: cross-linked spectra reject unrepresentable chemistry) ... 
 -  line 3180 : TEST_EQUAL(ProForma::canGenerateSpectrum(ion),false): got '1', expected '0'
 -  line 3181 : TEST_EQUAL(ProForma::getSpectrumGenerationIssues(ion).empty(),false): got '1', expected '0'
 -  line 3182:  TEST_EXCEPTION(Exception::ConversionError,ProForma::generateSpectrum(ion)): no exception thrown!
 -  line 3180 : TEST_EQUAL(ProForma::canGenerateSpectrum(ion),false): got '1', expected '0'
 -  line 3181 : TEST_EQUAL(ProForma::getSpectrumGenerationIssues(ion).empty(),false): got '1', expected '0'
 -  line 3182:  TEST_EXCEPTION(Exception::ConversionError,ProForma::generateSpectrum(ion)): no exception thrown!
 -  line 3180 : TEST_EQUAL(ProForma::canGenerateSpectrum(ion),false): got '1', expected '0'
 -  line 3181 : TEST_EQUAL(ProForma::getSpectrumGenerationIssues(ion).empty(),false): got '1', expected '0'
 -  line 3182:  TEST_EXCEPTION(Exception::ConversionError,ProForma::generateSpectrum(ion)): no exception thrown!
 -  line 3198 : TEST_EQUAL(std::abs(precursor[i].getMZ() - ProForma::getMZ(modified)) < 1e-8,true): got '0', expected '1'
 -  line 3198 : TEST_EQUAL(std::abs(precursor[i].getMZ() - ProForma::getMZ(modified)) < 1e-8,true): got '0', expected '1'
: failed

Output of successful tests were suppressed. Set the environment variable 'OPENMS_TEST_VERBOSE=True' to enable them.
FAILED
Failed lines: 2684 3180 3181 3182 3180 3181 3182 3180 3181 3182 3198 3198 
AASequence::getMonoWeight: Mass for ResidueType 7 not defined for sequences of length 0.
<AASequence::getMonoWeight: Mass for ResidueType 7 not defined for sequences of length 0.> occurred 4 times
<const OpenMS::ResidueModification* OpenMS::ModificationsDB::searchModificationsFast(const std::string&, bool&, const std::string&, OpenMS::ResidueModification::TermSpecificity) constModification not found: UnknownMod999> occurred 15 times
