==79747==AddressSanitizer: libc interceptors initialized
|| `[0x107000020000, 0x7fffffffffff]` || HighMem    ||
|| `[0x027e00024000, 0x10700001ffff]` || HighShadow ||
|| `[0x007e00024000, 0x027e00023fff]` || ShadowGap  ||
|| `[0x007000020000, 0x007e00023fff]` || LowShadow  ||
|| `[0x000000000000, 0x00700001ffff]` || LowMem     ||
MemToShadow(shadow): 0x007e00024000 0x007fc00247ff 0x00bfc0024800 0x027e00023fff
redzone=16
max_redzone=2048
quarantine_size_mb=256M
thread_local_quarantine_size_kb=1024K
malloc_context_size=30
SHADOW_SCALE: 3
SHADOW_GRANULARITY: 8
SHADOW_OFFSET: 0x007000020000
==79747==Installed the sigaction for signal 11
==79747==Installed the sigaction for signal 10
==79747==Installed the sigaction for signal 8
==79747==T0: stack [0x00016e928000,0x00016f124000) size 0x7fc000; local=0x00016f11d4d8
AddressSanitizer: parsing ''
==79747==Checking file existence is not allowed under sandbox.
==79747==Checking file existence is not allowed under sandbox.
==79747==Checking file existence is not allowed under sandbox.
==79747==Checking file existence is not allowed under sandbox.
==79747==Checking file existence is not allowed under sandbox.
==79747==Checking file existence is not allowed under sandbox.
==79747==Checking file existence is not allowed under sandbox.
==79747==Checking file existence is not allowed under sandbox.
==79747==Checking file existence is not allowed under sandbox.
==79747==Checking file existence is not allowed under sandbox.
==79747==Checking file existence is not allowed under sandbox.
==79747==Checking file existence is not allowed under sandbox.
==79747==Checking file existence is not allowed under sandbox.
==79747==Checking file existence is not allowed under sandbox.
==79747==AddressSanitizer Init done
runtime preload None
probe loaded
