    1|       |// Copyright (c) 2002-present, OpenMS Inc. -- EKU Tuebingen, ETH Zurich, and FU Berlin
    2|       |// SPDX-License-Identifier: BSD-3-Clause
    3|       |//
    4|       |// --------------------------------------------------------------------------
    5|       |// $Maintainer: Chris Bielow $
    6|       |// $Authors: Clemens Groepl, Chris Bielow $
    7|       |// --------------------------------------------------------------------------
    8|       |
    9|       |#include <OpenMS/CONCEPT/VersionInfo.h>
   10|       |
   11|       |#include <OpenMS/DATASTRUCTURES/StringUtils.h>
   12|       |#include <OpenMS/CONCEPT/Exception.h>
   13|       |
   14|       |#include <fstream>
   15|       |
   16|       |// these headers are generated by the build system
   17|       |// and therefore intentionally break the naming convention (tagging them as automatically build)
   18|       |#include <OpenMS/openms_package_version.h>
   19|       |#include <OpenMS/openms_build_info.h>
   20|       |
   21|       |using namespace std;
   22|       |
   23|       |namespace OpenMS
   24|       |{
   25|       |  const VersionInfo::VersionDetails VersionInfo::VersionDetails::EMPTY;
   26|       |
   27|       |  bool VersionInfo::VersionDetails::operator<(const VersionInfo::VersionDetails & rhs) const
   28|      0|  {
   29|      0|    return (this->version_major < rhs.version_major)
  ------------------
  |  Branch (29:12): [True: 0, False: 0]
  ------------------
   30|      0|           || (this->version_major == rhs.version_major && this->version_minor < rhs.version_minor)
  ------------------
  |  Branch (30:16): [True: 0, False: 0]
  |  Branch (30:60): [True: 0, False: 0]
  ------------------
   31|      0|           || (this->version_major == rhs.version_major && this->version_minor == rhs.version_minor && this->version_patch < rhs.version_patch)
  ------------------
  |  Branch (31:16): [True: 0, False: 0]
  |  Branch (31:60): [True: 0, False: 0]
  |  Branch (31:104): [True: 0, False: 0]
  ------------------
   32|       |           // note: if one version is pre-release, then it should compare as "less than"
   33|      0|           || (this->version_major == rhs.version_major && this->version_minor == rhs.version_minor && this->version_patch == rhs.version_patch && 
  ------------------
  |  Branch (33:16): [True: 0, False: 0]
  |  Branch (33:60): [True: 0, False: 0]
  |  Branch (33:104): [True: 0, False: 0]
  ------------------
   34|      0|                (!this->pre_release_identifier.empty() && rhs.pre_release_identifier.empty()) );
  ------------------
  |  Branch (34:18): [True: 0, False: 0]
  |  Branch (34:59): [True: 0, False: 0]
  ------------------
   35|      0|  }
   36|       |
   37|       |  bool VersionInfo::VersionDetails::operator==(const VersionInfo::VersionDetails & rhs) const
   38|  1.60k|  {
   39|  1.60k|    return this->version_major == rhs.version_major &&
  ------------------
  |  Branch (39:12): [True: 1.60k, False: 0]
  ------------------
   40|  1.60k|      this->version_minor == rhs.version_minor &&
  ------------------
  |  Branch (40:7): [True: 1.60k, False: 0]
  ------------------
   41|  1.60k|      this->version_patch == rhs.version_patch &&
  ------------------
  |  Branch (41:7): [True: 1.60k, False: 0]
  ------------------
   42|  1.60k|      this->pre_release_identifier == rhs.pre_release_identifier;
  ------------------
  |  Branch (42:7): [True: 1.60k, False: 0]
  ------------------
   43|  1.60k|  }
   44|       |
   45|       |  bool VersionInfo::VersionDetails::operator!=(const VersionInfo::VersionDetails & rhs) const
   46|  1.60k|  {
   47|  1.60k|    return !(this->operator==(rhs));
   48|  1.60k|  }
   49|       |
   50|       |  bool VersionInfo::VersionDetails::operator>(const VersionInfo::VersionDetails & rhs) const
   51|      0|  {
   52|      0|    return !(*this < rhs || *this == rhs);
  ------------------
  |  Branch (52:14): [True: 0, False: 0]
  |  Branch (52:29): [True: 0, False: 0]
  ------------------
   53|      0|  }
   54|       |
   55|       |  VersionInfo::VersionDetails VersionInfo::VersionDetails::create(const std::string & version) //static
   56|  1.60k|  {
   57|  1.60k|    VersionInfo::VersionDetails result;
   58|       |
   59|  1.60k|    size_t first_dot = version.find('.');
   60|       |    // we demand at least one "."
   61|  1.60k|    if (first_dot == string::npos)
  ------------------
  |  Branch (61:9): [True: 0, False: 1.60k]
  ------------------
   62|      0|    {
   63|      0|      return VersionInfo::VersionDetails::EMPTY;
   64|      0|    }
   65|       |
   66|  1.60k|    try
   67|  1.60k|    {
   68|  1.60k|      result.version_major =StringUtils::toInt32(StringUtils::substr(version, 0, first_dot));
   69|  1.60k|    }
   70|  1.60k|    catch (Exception::ConversionError & /*e*/)
   71|  1.60k|    {
   72|      0|      return VersionInfo::VersionDetails::EMPTY;
   73|      0|    }
   74|       |
   75|       |    // returns npos if no second "." is found - which does not hurt
   76|  1.60k|    size_t second_dot = version.find('.', first_dot + 1);
   77|  1.60k|    try
   78|  1.60k|    {
   79|  1.60k|      result.version_minor =StringUtils::toInt32(StringUtils::substr(version, first_dot + 1, second_dot - (first_dot + 1)));
   80|  1.60k|    }
   81|  1.60k|    catch (Exception::ConversionError & /*e*/)
   82|  1.60k|    {
   83|      0|      return VersionInfo::VersionDetails::EMPTY;
   84|      0|    }
   85|       |
   86|       |    // if there is no second dot: return
   87|  1.60k|    if (second_dot == string::npos)
  ------------------
  |  Branch (87:9): [True: 0, False: 1.60k]
  ------------------
   88|      0|    {
   89|      0|      return result;
   90|      0|    }
   91|       |
   92|       |    // returns npos if no final pre-release dash "-" is found - which does not hurt
   93|  1.60k|    size_t pre_release_dash = version.find('-', second_dot + 1);
   94|  1.60k|    try
   95|  1.60k|    {
   96|  1.60k|      result.version_patch =StringUtils::toInt32(StringUtils::substr(version, second_dot + 1, pre_release_dash - (second_dot + 1)));
   97|  1.60k|    }
   98|  1.60k|    catch (Exception::ConversionError & /*e*/)
   99|  1.60k|    {
  100|      0|      return VersionInfo::VersionDetails::EMPTY;
  101|      0|    }
  102|       |
  103|  1.60k|    if (pre_release_dash == string::npos)
  ------------------
  |  Branch (103:9): [True: 1.60k, False: 0]
  ------------------
  104|  1.60k|    {
  105|  1.60k|      return result;
  106|  1.60k|    }
  107|       |
  108|      0|    result.pre_release_identifier =std::string(StringUtils::substr(version, pre_release_dash + 1, version.size() - (pre_release_dash + 1)));
  109|       |
  110|      0|    return result;
  111|  1.60k|  }
  112|       |
  113|       |  std::string VersionInfo::getTime()
  114|  1.60k|  {
  115|  1.60k|    static const std::string result = std::string(__DATE__) + ", " + __TIME__;
  116|  1.60k|    return result;
  117|  1.60k|  }
  118|       |
  119|       |  std::string VersionInfo::getVersion()
  120|  1.60k|  {
  121|  1.60k|    static const std::string result = [] {
  122|      1|      std::string version = OPENMS_PACKAGE_VERSION;
  123|      1|      StringUtils::trim(version);
  124|      1|      return version;
  125|      1|    }();
  126|  1.60k|    return result;
  127|  1.60k|  }
  128|       |
  129|       |  VersionInfo::VersionDetails VersionInfo::getVersionStruct()
  130|  1.60k|  {
  131|  1.60k|    static const VersionDetails result = VersionDetails::create(getVersion());
  132|  1.60k|    return result;
  133|  1.60k|  }
  134|       |
  135|       |  std::string VersionInfo::getSourceRevision()
  136|  1.60k|  {
  137|  1.60k|    return OPENMS_SOURCE_REVISION;
  138|  1.60k|  }
  139|       |
  140|       |  bool VersionInfo::isSourceDirty()
  141|  1.60k|  {
  142|  1.60k|    return OPENMS_SOURCE_DIRTY;
  143|  1.60k|  }
  144|       |
  145|       |  std::string VersionInfo::getBuildInfo()
  146|  1.60k|  {
  147|  1.60k|    return OPENMS_BUILD_INFO;
  148|  1.60k|  }
  149|       |
  150|       |  std::string VersionInfo::getRevision()
  151|      0|  {
  152|      0|    return std::string(OPENMS_GIT_SHA1);
  153|      0|  }
  154|       |
  155|       |  std::string VersionInfo::getBranch()
  156|      0|  {
  157|      0|    return std::string(OPENMS_GIT_BRANCH);
  158|      0|  }
  159|       |
  160|       |}

