Initializing ...
Progress of 'loading mzML':
  Progress of 'loading spectra list':

  -- done [took 0.00 s (CPU), 0.00 s (Wall)] --
  Progress of 'loading chromatogram list':

  -- done [took 0.00 s (CPU), 0.00 s (Wall)] --

-- done [took 0.00 s (CPU), 0.00 s (Wall) @ 18.27 MiB/s] --
Finding sequence tags from deconvolved spectra ...
Processing : /scratch/kohlbach/openms4-flashtnt-fixed-709de5e2e79c/source/tests/data/aqpz/out_deconv.mzML
Progress of 'Finding sequence tags ...':

-- done [took 0.15 s (CPU), 0.15 s (Wall)] --
Progress of 'Searching tags against database ...':

-- done [took 0.06 s (CPU), 0.06 s (Wall)] --
Progress of 'Running candidate protein filtration and extension algorithm ...':

  100.00 %               =================================================================
==932528==ERROR: AddressSanitizer: heap-buffer-overflow on address 0x5110002c7f78 at pc 0x5c12160e60fa bp 0x7fffb85d7cb0 sp 0x7fffb85d7ca8
READ of size 8 at 0x5110002c7f78 thread T0
    #0 0x5c12160e60f9 in OpenMS::FLASHExtenderAlgorithm::calculatePrecursorMass_(OpenMS::ProteinHit const&, std::map<int, std::vector<unsigned long, std::allocator<unsigned long> >, std::less<int>, std::allocator<std::pair<int const, std::vector<unsigned long, std::allocator<unsigned long> > > > > const&, OpenMS::FLASHExtenderAlgorithm::HitInformation&) /scratch/kohlbach/openms4-flashtnt-fixed-709de5e2e79c/source/source/ANALYSIS/TOPDOWN/FLASHExtenderAlgorithm.cpp:111
    #1 0x5c121613d908 in OpenMS::FLASHExtenderAlgorithm::run(std::vector<OpenMS::ProteinHit, std::allocator<OpenMS::ProteinHit> >&, OpenMS::DeconvolvedSpectrum const&, std::vector<int, std::allocator<int> >, std::vector<std::unordered_set<int, std::hash<int>, std::equal_to<int>, std::allocator<int> >, std::allocator<std::unordered_set<int, std::hash<int>, std::equal_to<int>, std::allocator<int> > > > const&, std::vector<std::unordered_set<int, std::hash<int>, std::equal_to<int>, std::allocator<int> >, std::allocator<std::unordered_set<int, std::hash<int>, std::equal_to<int>, std::allocator<int> > > > const&, std::vector<OpenMS::FLASHTnTHelpers::Tag, std::allocator<OpenMS::FLASHTnTHelpers::Tag> > const&, double, bool) [clone ._omp_fn.0] /scratch/kohlbach/openms4-flashtnt-fixed-709de5e2e79c/source/source/ANALYSIS/TOPDOWN/FLASHExtenderAlgorithm.cpp:601
    #2 0x7c8297bbcf35 in GOMP_parallel ../../../libgomp/parallel.c:178
    #3 0x5c12160efb3f in OpenMS::FLASHExtenderAlgorithm::run(std::vector<OpenMS::ProteinHit, std::allocator<OpenMS::ProteinHit> >&, OpenMS::DeconvolvedSpectrum const&, std::vector<int, std::allocator<int> >, std::vector<std::unordered_set<int, std::hash<int>, std::equal_to<int>, std::allocator<int> >, std::allocator<std::unordered_set<int, std::hash<int>, std::equal_to<int>, std::allocator<int> > > > const&, std::vector<std::unordered_set<int, std::hash<int>, std::equal_to<int>, std::allocator<int> >, std::allocator<std::unordered_set<int, std::hash<int>, std::equal_to<int>, std::allocator<int> > > > const&, std::vector<OpenMS::FLASHTnTHelpers::Tag, std::allocator<OpenMS::FLASHTnTHelpers::Tag> > const&, double, bool) /scratch/kohlbach/openms4-flashtnt-fixed-709de5e2e79c/source/source/ANALYSIS/TOPDOWN/FLASHExtenderAlgorithm.cpp:564
    #4 0x5c1215e1711e in OpenMS::FLASHTnTAlgorithm::run(OpenMS::MSExperiment const&, std::vector<OpenMS::FASTAFile::FASTAEntry, std::allocator<OpenMS::FASTAFile::FASTAEntry> > const&) /scratch/kohlbach/openms4-flashtnt-fixed-709de5e2e79c/source/source/ANALYSIS/TOPDOWN/FLASHTnTAlgorithm.cpp:577
    #5 0x5c1215daf113 in TOPPFLASHTnT::main_(int, char const**) /scratch/kohlbach/openms4-flashtnt-fixed-709de5e2e79c/source/src/FLASHTnT.cpp:176
    #6 0x7c829839a6dc in OpenMS::TOPPBase::main(int, char const**) (/scratch/kohlbach/openms4-flashtnt-fixed-709de5e2e79c/cli-provider/lib/libOpenMS_CLI.so.1+0x306dc)
    #7 0x5c1215d4af01 in main /scratch/kohlbach/openms4-flashtnt-fixed-709de5e2e79c/source/src/FLASHTnT.cpp:204
    #8 0x7c829322a1c9 in __libc_start_call_main ../sysdeps/nptl/libc_start_call_main.h:58
    #9 0x7c829322a28a in __libc_start_main_impl ../csu/libc-start.c:360
    #10 0x5c1215d5c124 in _start (/scratch/kohlbach/openms4-flashtnt-fixed-709de5e2e79c/sanitizers/bin/FLASHTnT+0x8b6124)

0x5110002c7f78 is located 8 bytes before 248-byte region [0x5110002c7f80,0x5110002c8078)
allocated by thread T0 here:
    #0 0x7c8297cf7738 in operator new(unsigned long) ../../../../libsanitizer/asan/asan_new_delete.cpp:95
    #1 0x5c12160dc204 in std::__new_allocator<unsigned long>::allocate(unsigned long, void const*) /scratch/kohlbach/openms4-5d1e239-20260910/deps/lib/gcc/x86_64-conda-linux-gnu/14.4.0/include/c++/bits/new_allocator.h:151
    #2 0x5c12160dc204 in std::allocator<unsigned long>::allocate(unsigned long) /scratch/kohlbach/openms4-5d1e239-20260910/deps/lib/gcc/x86_64-conda-linux-gnu/14.4.0/include/c++/bits/allocator.h:196
    #3 0x5c12160dc204 in std::allocator_traits<std::allocator<unsigned long> >::allocate(std::allocator<unsigned long>&, unsigned long) /scratch/kohlbach/openms4-5d1e239-20260910/deps/lib/gcc/x86_64-conda-linux-gnu/14.4.0/include/c++/bits/alloc_traits.h:515
    #4 0x5c12160dc204 in std::_Vector_base<unsigned long, std::allocator<unsigned long> >::_M_allocate(unsigned long) /scratch/kohlbach/openms4-5d1e239-20260910/deps/lib/gcc/x86_64-conda-linux-gnu/14.4.0/include/c++/bits/stl_vector.h:383
    #5 0x5c12160dc204 in unsigned long* std::vector<unsigned long, std::allocator<unsigned long> >::_M_allocate_and_copy<__gnu_cxx::__normal_iterator<unsigned long const*, std::vector<unsigned long, std::allocator<unsigned long> > > >(unsigned long, __gnu_cxx::__normal_iterator<unsigned long const*, std::vector<unsigned long, std::allocator<unsigned long> > >, __gnu_cxx::__normal_iterator<unsigned long const*, std::vector<unsigned long, std::allocator<unsigned long> > >) /scratch/kohlbach/openms4-5d1e239-20260910/deps/lib/gcc/x86_64-conda-linux-gnu/14.4.0/include/c++/bits/stl_vector.h:1634
    #6 0x5c12160dc204 in std::vector<unsigned long, std::allocator<unsigned long> >::operator=(std::vector<unsigned long, std::allocator<unsigned long> > const&) /scratch/kohlbach/openms4-5d1e239-20260910/deps/lib/gcc/x86_64-conda-linux-gnu/14.4.0/include/c++/bits/vector.tcc:238
    #7 0x5c121613b246 in OpenMS::FLASHExtenderAlgorithm::run(std::vector<OpenMS::ProteinHit, std::allocator<OpenMS::ProteinHit> >&, OpenMS::DeconvolvedSpectrum const&, std::vector<int, std::allocator<int> >, std::vector<std::unordered_set<int, std::hash<int>, std::equal_to<int>, std::allocator<int> >, std::allocator<std::unordered_set<int, std::hash<int>, std::equal_to<int>, std::allocator<int> > > > const&, std::vector<std::unordered_set<int, std::hash<int>, std::equal_to<int>, std::allocator<int> >, std::allocator<std::unordered_set<int, std::hash<int>, std::equal_to<int>, std::allocator<int> > > > const&, std::vector<OpenMS::FLASHTnTHelpers::Tag, std::allocator<OpenMS::FLASHTnTHelpers::Tag> > const&, double, bool) [clone ._omp_fn.0] /scratch/kohlbach/openms4-flashtnt-fixed-709de5e2e79c/source/source/ANALYSIS/TOPDOWN/FLASHExtenderAlgorithm.cpp:681
    #8 0x7c8297bbcf35 in GOMP_parallel ../../../libgomp/parallel.c:178

SUMMARY: AddressSanitizer: heap-buffer-overflow /scratch/kohlbach/openms4-flashtnt-fixed-709de5e2e79c/source/source/ANALYSIS/TOPDOWN/FLASHExtenderAlgorithm.cpp:111 in OpenMS::FLASHExtenderAlgorithm::calculatePrecursorMass_(OpenMS::ProteinHit const&, std::map<int, std::vector<unsigned long, std::allocator<unsigned long> >, std::less<int>, std::allocator<std::pair<int const, std::vector<unsigned long, std::allocator<unsigned long> > > > > const&, OpenMS::FLASHExtenderAlgorithm::HitInformation&)
Shadow bytes around the buggy address:
  0x5110002c7c80: 00 00 00 00 00 00 00 00 fa fa fa fa fa fa fa fa
  0x5110002c7d00: 00 00 00 00 00 00 00 00 00 00 00 00 00 00 00 00
  0x5110002c7d80: 00 00 00 00 00 00 00 00 00 00 00 00 00 00 00 00
  0x5110002c7e00: fa fa fa fa fa fa fa fa 00 00 00 00 00 00 00 00
  0x5110002c7e80: 00 00 00 00 00 00 00 00 00 00 00 00 00 00 00 00
=>0x5110002c7f00: 00 00 00 00 00 00 00 00 fa fa fa fa fa fa fa[fa]
  0x5110002c7f80: 00 00 00 00 00 00 00 00 00 00 00 00 00 00 00 00
  0x5110002c8000: 00 00 00 00 00 00 00 00 00 00 00 00 00 00 00 fa
  0x5110002c8080: fa fa fa fa fa fa fa fa fd fd fd fd fd fd fd fd
  0x5110002c8100: fd fd fd fd fd fd fd fd fd fd fd fd fd fd fd fd
  0x5110002c8180: fd fd fd fd fd fa fa fa fa fa fa fa fa fa fa fa
Shadow byte legend (one shadow byte represents 8 application bytes):
  Addressable:           00
  Partially addressable: 01 02 03 04 05 06 07
  Heap left redzone:       fa
  Freed heap region:       fd
  Stack left redzone:      f1
  Stack mid redzone:       f2
  Stack right redzone:     f3
  Stack after return:      f5
  Stack use after scope:   f8
  Global redzone:          f9
  Global init order:       f6
  Poisoned by user:        f7
  Container overflow:      fc
  Array cookie:            ac
  Intra object redzone:    bb
  ASan internal:           fe
  Left alloca redzone:     ca
  Right alloca redzone:    cb
==932528==ABORTING
